// Jest Snapshot v1, https://goo.gl/fbAQLP

exports[`Probando <GifGridItem /> Debe hacer match con el snapshot 1`] = `
<div>
  <div
    class="card"
  >
    <img
      alt="Cristiano"
      src="https://cristiano.jpg/"
    />
    <p>
      Cristiano
    </p>
  </div>
</div>
`;
